Existing private Compose configuration retained.
 Image commerce-platform:local Building 
#1 [internal] load local bake definitions
#1 reading from stdin 554B done
#1 DONE 0.0s

#2 [internal] load build definition from Dockerfile
#2 transferring dockerfile: 434B done
#2 DONE 0.0s

#3 [internal] load metadata for docker.io/library/eclipse-temurin:21.0.12_8-jre-ubi9-minimal@sha256:fa6a3cd1e88402446002f86e0d06f5202d7d6ec02d525888f9c0ea2eeb5b07ad
#3 DONE 0.0s

#4 [internal] load .dockerignore
#4 transferring context: 144B done
#4 DONE 0.0s

#5 [1/3] FROM docker.io/library/eclipse-temurin:21.0.12_8-jre-ubi9-minimal@sha256:fa6a3cd1e88402446002f86e0d06f5202d7d6ec02d525888f9c0ea2eeb5b07ad
#5 resolve docker.io/library/eclipse-temurin:21.0.12_8-jre-ubi9-minimal@sha256:fa6a3cd1e88402446002f86e0d06f5202d7d6ec02d525888f9c0ea2eeb5b07ad 0.0s done
#5 DONE 0.0s

#6 [internal] load build context
#6 transferring context: 35.02MB 0.4s done
#6 DONE 0.4s

#7 [2/3] WORKDIR /app
#7 CACHED

#8 [3/3] COPY --chown=10001:10001 commerce-app/target/commerce-app-0.1.0-SNAPSHOT.jar /app/commerce.jar
#8 DONE 0.1s

#9 exporting to image
#9 exporting layers
#9 exporting layers 0.8s done
#9 exporting manifest sha256:9c0febc731037d162faebce244738bc930db4d5df17190e61509ca5fe7344943 done
#9 exporting config sha256:25676b272c07f846f8cc5728dec5c7f6e72ec560b7db4e43fc2d0c5bdfc15d64 done
#9 exporting attestation manifest sha256:efdd238533fe46f058f323817fbf293ba324c54410554254081f5448d9214e00
#9 exporting attestation manifest sha256:efdd238533fe46f058f323817fbf293ba324c54410554254081f5448d9214e00 done
#9 exporting manifest list sha256:251b8f33f6acb518f9be8ab0e483bce13063c41a99db8c136ca81801ebcdd50c done
#9 naming to docker.io/library/commerce-platform:local done
#9 unpacking to docker.io/library/commerce-platform:local
#9 unpacking to docker.io/library/commerce-platform:local 0.2s done
#9 DONE 1.1s

#10 resolving provenance for metadata file
#10 DONE 0.0s
 Image commerce-platform:local Built 
 Container commerce-platform-app-1 Recreate 
 Container commerce-platform-app-1 Recreated 
 Container commerce-platform-app-1 Starting 
 Container commerce-platform-app-1 Started 
 Container commerce-platform-app-1 Waiting 
 Container commerce-platform-app-1 Healthy 
